src/hooks/useOddsMonitorWebSocket.ts(380,5): error TS2352: Conversion of type 'MatchedMarket' to type 'Record<string, unknown>' may be a mistake because neither type sufficiently overlaps with the other. If this was intentional, convert the expression to 'unknown' first.
  Index signature for type 'string' is missing in type 'MatchedMarket'.
src/hooks/useOddsMonitorWebSocket.ts(381,5): error TS2352: Conversion of type 'MatchedMarket' to type 'Record<string, unknown>' may be a mistake because neither type sufficiently overlaps with the other. If this was intentional, convert the expression to 'unknown' first.
  Index signature for type 'string' is missing in type 'MatchedMarket'.
src/pages/Positions/hooks/assemblers/usePortfolioDerivations.ts(179,30): error TS2322: Type 'string | undefined' is not assignable to type 'string'.
  Type 'undefined' is not assignable to type 'string'.
src/pages/Positions/hooks/assemblers/useResolvedUmbrellaPositions.ts(168,21): error TS2339: Property 'umbrellaName' does not exist on type 'PredictionMarket'.
src/pages/Positions/Positions.tsx(245,9): error TS2322: Type '{ umbrellaBalances: { umbrella: Umbrella; markets: { market: PredictionMarket; yes: string; no: string; venue: VenueId | undefined; yesLabel: string | undefined; noLabel: string | undefined; }[]; }[]; toCentsString: (value?: number | ... 1 more ... | undefined) => string; onClaimSuccess: HandleClaimSuccess; }' is not assignable to type 'IntrinsicAttributes & { umbrellaBalances: { umbrella: Umbrella; markets: MarketEntry[]; }[]; onClaimSuccess?: ((marketId: string | string[], umbrellaId: string) => void | Promise<...>) | undefined; }'.
  Property 'toCentsString' does not exist on type 'IntrinsicAttributes & { umbrellaBalances: { umbrella: Umbrella; markets: MarketEntry[]; }[]; onClaimSuccess?: ((marketId: string | string[], umbrellaId: string) => void | Promise<...>) | undefined; }'.
src/pages/Positions/Positions.tsx(251,9): error TS2322: Type '{ umbrellaBalances: { umbrella: Umbrella; markets: { market: PredictionMarket; yes: string; no: string; venue: VenueId | undefined; yesLabel: string | undefined; noLabel: string | undefined; }[]; }[]; toCentsString: (value?: number | ... 1 more ... | undefined) => string; onClaimSuccess: HandleClaimSuccess; }' is not assignable to type 'IntrinsicAttributes & { umbrellaBalances: { umbrella: Umbrella; markets: MarketEntry[]; }[]; onClaimSuccess?: ((marketId: string | string[], umbrellaId: string) => void | Promise<...>) | undefined; }'.
  Property 'toCentsString' does not exist on type 'IntrinsicAttributes & { umbrellaBalances: { umbrella: Umbrella; markets: MarketEntry[]; }[]; onClaimSuccess?: ((marketId: string | string[], umbrellaId: string) => void | Promise<...>) | undefined; }'.
src/pages/Positions/Positions.tsx(270,8): error TS2322: Type '{ umbrellaBalances: { umbrella: Umbrella; markets: { market: PredictionMarket; yes: string; no: string; venue: string; includesDflowVenue?: boolean | undefined; includesLimitlessVenue?: boolean | undefined; predictOutcomeLabelYes?: string | undefined; predictOutcomeLabelNo?: string | undefined; }[]; }[]; ... 5 more ...' is not assignable to type 'IntrinsicAttributes & { umbrellaBalances: any[]; aggregates: Record<string, any>; spentByQid: Record<string, { Yes: number; No: number; }>; returnsByQid: Record<...>; getCurrentPriceForSide: (market: PredictionMarket, side: "Yes" | "No") => number | null; orders?: ProcessedOrder[] | undefined; }'.
  Property 'toCentsString' does not exist on type 'IntrinsicAttributes & { umbrellaBalances: any[]; aggregates: Record<string, any>; spentByQid: Record<string, { Yes: number; No: number; }>; returnsByQid: Record<...>; getCurrentPriceForSide: (market: PredictionMarket, side: "Yes" | "No") => number | null; orders?: ProcessedOrder[] | undefined; }'.
src/pages/Positions/Positions.tsx(280,8): error TS2322: Type '{ umbrellaBalances: { umbrella: Umbrella; markets: { market: PredictionMarket; yes: string; no: string; venue: string; includesDflowVenue?: boolean | undefined; includesLimitlessVenue?: boolean | undefined; predictOutcomeLabelYes?: string | undefined; predictOutcomeLabelNo?: string | undefined; }[]; }[]; ... 5 more ...' is not assignable to type 'IntrinsicAttributes & { umbrellaBalances: any[]; aggregates: Record<string, any>; spentByQid: Record<string, { Yes: number; No: number; }>; returnsByQid: Record<...>; getCurrentPriceForSide: (market: PredictionMarket, side: "Yes" | "No") => number | null; orders?: ProcessedOrder[] | undefined; }'.
  Property 'toCentsString' does not exist on type 'IntrinsicAttributes & { umbrellaBalances: any[]; aggregates: Record<string, any>; spentByQid: Record<string, { Yes: number; No: number; }>; returnsByQid: Record<...>; getCurrentPriceForSide: (market: PredictionMarket, side: "Yes" | "No") => number | null; orders?: ProcessedOrder[] | undefined; }'.
src/pages/Positions/utils/positionHelpers.ts(192,20): error TS2352: Conversion of type 'PredictionMarket' to type 'Record<string, unknown>' may be a mistake because neither type sufficiently overlaps with the other. If this was intentional, convert the expression to 'unknown' first.
  Index signature for type 'string' is missing in type 'PredictionMarket'.
src/pages/Positions/utils/positionHelpers.ts(194,15): error TS2352: Conversion of type 'PredictionMarket' to type 'Record<string, unknown>' may be a mistake because neither type sufficiently overlaps with the other. If this was intentional, convert the expression to 'unknown' first.
  Index signature for type 'string' is missing in type 'PredictionMarket'.
src/pages/Positions/utils/positionHelpers.ts(205,9): error TS2352: Conversion of type '{ [x: string]: unknown; }' to type 'PredictionMarket' may be a mistake because neither type sufficiently overlaps with the other. If this was intentional, convert the expression to 'unknown' first.
  Type '{ [x: string]: unknown; }' is missing the following properties from type 'PredictionMarket': _id, conditionId, marketId, question, and 10 more.
src/pages/PredictionMarket/PredictionMarketTradeBox/hooks/useButtonState.ts(88,5): error TS2322: Type '{ status: string; message: string | null; }' is not assignable to type 'AccountWalletGate'.
  Type '{ status: string; message: string | null; }' is not assignable to type '{ status: "ready"; message: null; }'.
    Types of property 'status' are incompatible.
      Type 'string' is not assignable to type '"ready"'.
src/pages/PredictionMarket/PredictionMarketTradeBox/hooks/useTradeBoxController/useTradeBoxTradeButton.ts(38,70): error TS2339: Property 'executionPhase' does not exist on type '{ route: RoutePlan | null; isLoading: boolean; isStale: boolean; error: string | null; routeErrorCode?: string | null | undefined; isExecuting: boolean; executionPhase?: SorExecutionPhase | undefined; ... 5 more ...; handleAddFunds?: (() => void) | undefined; } | undefined'.
src/pages/PredictionMarket/PredictionMarketTradeBox/hooks/useTradeBoxController/useTradeBoxTradeButton.ts(39,74): error TS2339: Property 'prefundLegProgress' does not exist on type '{ route: RoutePlan | null; isLoading: boolean; isStale: boolean; error: string | null; routeErrorCode?: string | null | undefined; isExecuting: boolean; executionPhase?: SorExecutionPhase | undefined; ... 5 more ...; handleAddFunds?: (() => void) | undefined; } | undefined'.
src/pages/PredictionMarket/PredictionMarketTradeBox/hooks/useTradeBoxController/useTradeBoxTradeButton.ts(42,82): error TS2339: Property 'venuePositions' does not exist on type '{ route: RoutePlan | null; isLoading: boolean; isStale: boolean; error: string | null; routeErrorCode?: string | null | undefined; isExecuting: boolean; executionPhase?: SorExecutionPhase | undefined; ... 5 more ...; handleAddFunds?: (() => void) | undefined; } | undefined'.
src/pages/PredictionMarket/PredictionMarketTradeBox/hooks/useTradeBoxShareBalances.ts(632,4): error TS2322: Type '{ marketIdA?: string | undefined; marketIdB?: string | undefined; tokenIdA?: string | undefined; tokenIdB?: string | undefined; decimalPrecision?: number | undefined; singleMarket?: boolean | undefined; } | undefined' is not assignable to type '{ marketIdA?: string | undefined; marketIdB?: string | undefined; tokenIdA?: string | undefined; tokenIdB?: string | undefined; decimalPrecision: 2 | 3; singleMarket?: boolean | undefined; } | undefined'.
  Type '{ marketIdA?: string | undefined; marketIdB?: string | undefined; tokenIdA?: string | undefined; tokenIdB?: string | undefined; decimalPrecision?: number | undefined; singleMarket?: boolean | undefined; }' is not assignable to type '{ marketIdA?: string | undefined; marketIdB?: string | undefined; tokenIdA?: string | undefined; tokenIdB?: string | undefined; decimalPrecision: 2 | 3; singleMarket?: boolean | undefined; }'.
    Types of property 'decimalPrecision' are incompatible.
      Type 'number | undefined' is not assignable to type '2 | 3'.
        Type 'undefined' is not assignable to type '2 | 3'.
src/pages/PredictionMarket/PredictionMarketTradeBox/hooks/useTradeBoxShareBalances.ts(711,26): error TS2339: Property 'displayName' does not exist on type 'MatchedMarket'.
src/pages/PredictionMarket/PredictionMarketTradeBox/hooks/useTradeBoxShareBalances.ts(724,10): error TS2554: Expected 4 arguments, but got 3.
src/pages/PredictionMarket/PredictionMarketTradeBox/hooks/useTradeBoxVenueWiring.ts(81,55): error TS2339: Property 'singleMarket' does not exist on type '{}'.
src/pages/PredictionMarket/PredictionMarketTradeBox/hooks/useTradeBoxVenueWiring.ts(88,7): error TS2345: Argument of type 'Record<string, unknown>' is not assignable to parameter of type 'MatchedMarket'.
  Type 'Record<string, unknown>' is missing the following properties from type 'MatchedMarket': pandaMatchId, polyConditionId, pandaTeamA, pandaTeamB, and 3 more.
src/pages/PredictionMarket/PredictionMarketTradeBox/hooks/useTradeBoxVenueWiring.ts(150,9): error TS2345: Argument of type 'Record<string, unknown>' is not assignable to parameter of type 'MatchedMarket'.
  Type 'Record<string, unknown>' is missing the following properties from type 'MatchedMarket': pandaMatchId, polyConditionId, pandaTeamA, pandaTeamB, and 3 more.
src/pages/PredictionMarket/PredictionMarketTradeBox/hooks/useTradeBoxVenueWiring.ts(157,25): error TS2339: Property 'tokenIdA' does not exist on type '{}'.
src/pages/PredictionMarket/PredictionMarketTradeBox/hooks/useTradeBoxVenueWiring.ts(157,39): error TS2339: Property 'tokenIdB' does not exist on type '{}'.
src/pages/PredictionMarket/PredictionMarketTradeBox/hooks/useTradeBoxVenueWiring.ts(157,54): error TS2339: Property 'tokenIdA' does not exist on type '{}'.
src/pages/PredictionMarket/PredictionMarketTradeBox/hooks/useTradeBoxVenueWiring.ts(184,11): error TS2345: Argument of type 'Record<string, unknown>' is not assignable to parameter of type 'MatchedMarket'.
  Type 'Record<string, unknown>' is missing the following properties from type 'MatchedMarket': pandaMatchId, polyConditionId, pandaTeamA, pandaTeamB, and 3 more.
src/pages/PredictionMarket/PredictionMarketTradeBox/hooks/useTradeBoxVenueWiring.ts(192,11): error TS2345: Argument of type 'Record<string, unknown>' is not assignable to parameter of type 'MatchedMarket'.
  Type 'Record<string, unknown>' is missing the following properties from type 'MatchedMarket': pandaMatchId, polyConditionId, pandaTeamA, pandaTeamB, and 3 more.
src/pages/PredictionMarket/PredictionMarketTradeBox/hooks/useTradeBoxVenueWiring.ts(218,11): error TS2345: Argument of type 'Record<string, unknown>' is not assignable to parameter of type 'MatchedMarket'.
  Type 'Record<string, unknown>' is missing the following properties from type 'MatchedMarket': pandaMatchId, polyConditionId, pandaTeamA, pandaTeamB, and 3 more.
src/pages/PredictionMarket/PredictionMarketTradeBox/hooks/useTradeBoxVenueWiring.ts(240,36): error TS2339: Property 'marketIdA' does not exist on type '{}'.
src/pages/PredictionMarket/PredictionMarketTradeBox/hooks/useTradeBoxVenueWiring.ts(243,47): error TS2345: Argument of type '{} | null' is not assignable to parameter of type 'OrderbookData | null | undefined'.
  Type '{}' is missing the following properties from type 'OrderbookData': bestBid, bestAsk
src/pages/PredictionMarket/PredictionMarketTradeBox/hooks/useTradeBoxVenueWiring.ts(252,9): error TS2345: Argument of type 'Record<string, unknown>' is not assignable to parameter of type 'MatchedMarket'.
  Type 'Record<string, unknown>' is missing the following properties from type 'MatchedMarket': pandaMatchId, polyConditionId, pandaTeamA, pandaTeamB, and 3 more.
src/pages/PredictionMarket/PredictionMarketTradeBox/hooks/useTradeBoxVenueWiring.ts(262,9): error TS2345: Argument of type 'Record<string, unknown>' is not assignable to parameter of type 'MatchedMarket'.
  Type 'Record<string, unknown>' is missing the following properties from type 'MatchedMarket': pandaMatchId, polyConditionId, pandaTeamA, pandaTeamB, and 3 more.
src/pages/PredictionMarket/PredictionMarketTradeBox/hooks/useTradeBoxVenueWiring.ts(270,7): error TS2345: Argument of type 'Record<string, unknown>' is not assignable to parameter of type 'MatchedMarket'.
  Type 'Record<string, unknown>' is missing the following properties from type 'MatchedMarket': pandaMatchId, polyConditionId, pandaTeamA, pandaTeamB, and 3 more.
src/pages/PredictionMarket/PredictionMarketTradeBox/hooks/useTradeBoxVenueWiring.ts(296,9): error TS2345: Argument of type 'Record<string, unknown>' is not assignable to parameter of type 'MatchedMarket'.
  Type 'Record<string, unknown>' is missing the following properties from type 'MatchedMarket': pandaMatchId, polyConditionId, pandaTeamA, pandaTeamB, and 3 more.
src/pages/PredictionMarket/PredictionMarketTradeBox/hooks/useTradeBoxVenueWiring.ts(304,9): error TS2345: Argument of type 'Record<string, unknown>' is not assignable to parameter of type 'MatchedMarket'.
  Type 'Record<string, unknown>' is missing the following properties from type 'MatchedMarket': pandaMatchId, polyConditionId, pandaTeamA, pandaTeamB, and 3 more.
src/pages/PredictionMarket/PredictionMarketTradeBox/hooks/useTradeBoxVenueWiring.ts(393,41): error TS2339: Property 'marketIdA' does not exist on type '{}'.
src/pages/PredictionMarket/PredictionMarketTradeBox/hooks/useTradeBoxVenueWiring.ts(394,41): error TS2339: Property 'marketIdB' does not exist on type '{}'.
src/pages/PredictionMarket/PredictionMarketTradeBox/hooks/useTradeBoxVenueWiring.ts(458,36): error TS2345: Argument of type 'Record<string, unknown> | null | undefined' is not assignable to parameter of type 'MatchedMarket | null | undefined'.
  Type 'Record<string, unknown>' is missing the following properties from type 'MatchedMarket': pandaMatchId, polyConditionId, pandaTeamA, pandaTeamB, and 3 more.
src/pages/PredictionMarket/PredictionMarketTradeBox/hooks/venueButtonState/resolveButtonState.ts(361,19): error TS2339: Property 'displayName' does not exist on type '{}'.
src/pages/PredictionMarket/PredictionMarketTradeBox/hooks/venueButtonState/resolveButtonState.ts(520,19): error TS2339: Property 'displayName' does not exist on type '{}'.
src/pages/PredictionMarket/PredictionMarketTradeBox/hooks/venueButtonState/resolveButtonState.ts(587,10): error TS2367: This comparison appears to be unintentional because the types '"market"' and '"limit"' have no overlap.
src/pages/PredictionMarket/PredictionMarketTradeBox/hooks/venueButtonState/resolveButtonState.ts(602,19): error TS2339: Property 'displayName' does not exist on type '{}'.
src/pages/PredictionMarket/PredictionMarketTradeBox/hooks/venueButtonState/resolveButtonState.ts(715,19): error TS2339: Property 'displayName' does not exist on type '{}'.
src/pages/PredictionMarket/PredictionMarketTradeBox/hooks/venueButtonState/shared.ts(4,33): error TS2307: Cannot find module '../../../../hooks/useAnimatedDots' or its corresponding type declarations.
src/pages/PredictionMarket/PredictionMarketTradeBox/hooks/venueButtonState/shared.ts(16,40): error TS2307: Cannot find module '../checkBalances' or its corresponding type declarations.
src/pages/PredictionMarket/PredictionMarketTradeBox/hooks/venueButtonState/shared.ts(22,8): error TS2307: Cannot find module '../tradeQuote/types' or its corresponding type declarations.
src/pages/PredictionMarket/PredictionMarketTradeBox/hooks/venueButtonState/shared.ts(80,4): error TS2304: Cannot find name 'ButtonStateResult'.
src/pages/PredictionMarket/PredictionMarketTradeBox/hooks/venueButtonState/shared.ts(85,103): error TS2304: Cannot find name 'ButtonStateResult'.
src/pages/PredictionMarket/PredictionMarketTradeBox/hooks/venueButtonState/shared.ts(190,5): error TS2304: Cannot find name 'ButtonStateResult'.
src/pages/PredictionMarket/PredictionMarketTradeBox/hooks/venueButtonState/shared.ts(208,5): error TS2304: Cannot find name 'ButtonStateResult'.
src/pages/PredictionMarket/PredictionMarketTradeBox/hooks/venueButtonState/shared.ts(317,4): error TS2304: Cannot find name 'ButtonStateResult'.
src/pages/PredictionMarket/PredictionMarketTradeBox/PredictionMarketTradeBox.tsx(494,5): error TS2322: Type 'MatchedMarket | null' is not assignable to type 'Record<string, unknown> | null | undefined'.
  Type 'MatchedMarket' is not assignable to type 'Record<string, unknown>'.
    Index signature for type 'string' is missing in type 'MatchedMarket'.
src/pages/PredictionMarket/PredictionMarketTradeBox/PredictionMarketTradeBox.tsx(600,5): error TS2322: Type 'PredictMarketDetail | null' is not assignable to type 'PredictMarketDetail | undefined'.
  Type 'null' is not assignable to type 'PredictMarketDetail | undefined'.
src/pages/PredictionMarket/PredictionMarketTradeBox/PredictionMarketTradeBox.tsx(803,7): error TS2322: Type '(amount: string, orderType: "market" | "limit", side: "buy" | "sell", position: "yes" | "no", yesBalance: number, noBalance: number, outcomeBalanceOverride?: number | null | undefined) => { ...; }' is not assignable to type '(amount: string, orderType: "market" | "limit", side: "buy" | "sell", selectedPosition: "yes" | "no", yesBalance: unknown, noBalance: unknown, scopedSellShares: number | null) => { ...; }'.
  Types of parameters 'yesBalance' and 'yesBalance' are incompatible.
    Type 'unknown' is not assignable to type 'number'.
src/pages/PredictionMarket/PredictionMarketTradeBox/PredictionMarketTradeBoxUI.tsx(85,10): error TS2552: Cannot find name 'TradeBoxState'. Did you mean 'TradeBoxCoreState'?
src/pages/PredictionMarket/PredictionMarketTradeBox/SmartRoutingSection.tsx(1106,21): error TS7053: Element implicitly has an 'any' type because expression of type 'any' can't be used to index type 'Record<SorVenue, string>'.
src/pages/PredictionMarket/PredictionMarketTradeBox/SmartRoutingSection.tsx(1133,13): error TS7053: Element implicitly has an 'any' type because expression of type 'any' can't be used to index type 'Record<SorVenue, string>'.
src/pages/PredictionMarket/PredictionMarketTradeBox/SmartRoutingSection.tsx(1189,14): error TS7053: Element implicitly has an 'any' type because expression of type 'any' can't be used to index type 'Record<SorVenue, string>'.
src/pages/PredictionMarket/PredictionMarketTradeBox/SmartRoutingSection.tsx(1310,13): error TS7053: Element implicitly has an 'any' type because expression of type 'any' can't be used to index type 'Record<SorVenue, string>'.
src/pages/PredictionMarket/PredictionMarketTradeBox/tradeQuote/buildTradePreview.test.ts(8,3): error TS2783: 'venue' is specified more than once, so this usage will be overwritten.
src/pages/PredictionMarket/PredictionMarketTradeBox/tradeQuote/buildTradePreview.test.ts(32,3): error TS2353: Object literal may only specify known properties, and 'questionId' does not exist in type 'RoutePlan'.
src/pages/PredictionMarket/PredictionMarketTradeBox/tradeQuote/buildTradePreview.test.ts(34,3): error TS2783: 'side' is specified more than once, so this usage will be overwritten.
src/pages/PredictionMarket/PredictionMarketTradeBox/tradeQuote/buildTradePreview.test.ts(35,3): error TS2783: 'requestedAmount' is specified more than once, so this usage will be overwritten.
src/pages/PredictionMarket/PredictionMarketTradeBox/tradeQuote/buildTradePreview.test.ts(119,4): error TS2741: Property 'pricePerContract' is missing in type '{ contracts: number; usd: number; }' but required in type 'DflowOrderQuoteResult'.
src/services/i18n/i18n.ts(8,40): error TS2307: Cannot find module '../../locales/en/messages.po' or its corresponding type declarations.
src/trading/polymarket/usePolymarketEoaWalletClient.ts(69,24): error TS2345: Argument of type 'unknown' is not assignable to parameter of type 'EthereumProvider'.
src/trading/predict/predictTradeBoxMatch.test.ts(69,4): error TS2741: Property 'decimalPrecision' is missing in type '{ marketIdA: string; tokenIdA: string; tokenIdB: string; }' but required in type '{ marketIdA?: string | undefined; marketIdB?: string | undefined; tokenIdA?: string | undefined; tokenIdB?: string | undefined; decimalPrecision: 2 | 3; singleMarket?: boolean | undefined; }'.
src/trading/predict/usePredictOrders.ts(57,61): error TS2304: Cannot find name 'loggedEmptyOrdersHint'.
src/trading/predict/usePredictOrders.ts(58,6): error TS2304: Cannot find name 'loggedEmptyOrdersHint'.
src/trading/sor/fundingStableBalances.ts(53,70): error TS2550: Property 'cause' does not exist on type 'Error'. Do you need to change your target library? Try changing the 'lib' compiler option to 'es2022' or later.
src/trading/sor/index.ts(46,2): error TS2305: Module '"./sor-types"' has no exported member 'VenueRoutePreview'.
src/trading/sor/index.ts(47,2): error TS2305: Module '"./sor-types"' has no exported member 'VenueRoutePreviewBuy'.
src/trading/sor/index.ts(48,2): error TS2305: Module '"./sor-types"' has no exported member 'VenueRoutePreviewSellOk'.
src/trading/sor/index.ts(49,2): error TS2305: Module '"./sor-types"' has no exported member 'VenueRoutePreviewSellFail'.
src/trading/sor/index.ts(50,2): error TS2305: Module '"./sor-types"' has no exported member 'VenueRoutePreviewQuoteKind'.
src/trading/sor/performPostTradeDataRefresh.test.ts(158,4): error TS2741: Property 'venue' is missing in type '{ polyTokenIdA: string; }' but required in type 'VenueMarketIds'.
src/trading/sor/SmartRouteToggle.tsx(80,16): error TS2339: Property 'route' does not exist on type 'UseSorRouteResult'.
src/trading/sor/SmartRouteToggle.tsx(81,34): error TS2339: Property 'route' does not exist on type 'UseSorRouteResult'.
src/trading/sor/SmartRouteToggle.tsx(83,15): error TS2339: Property 'route' does not exist on type 'UseSorRouteResult'.
src/trading/sor/SmartRouteToggle.tsx(135,23): error TS2339: Property 'route' does not exist on type 'UseSorRouteResult'.
src/trading/sor/SmartRouteToggle.tsx(136,27): error TS2339: Property 'isLoading' does not exist on type 'UseSorRouteResult'.
src/trading/sor/SmartRouteToggle.tsx(137,23): error TS2339: Property 'error' does not exist on type 'UseSorRouteResult'.
src/trading/sor/SmartRouteToggle.tsx(138,32): error TS2339: Property 'routeErrorCode' does not exist on type 'UseSorRouteResult'.
src/trading/sor/SmartRouteToggle.tsx(139,25): error TS2339: Property 'isStale' does not exist on type 'UseSorRouteResult'.
src/trading/sor/sorQuoteTrust.ts(2,15): error TS2305: Module '"./sor-types"' has no exported member 'VenueRoutePreviewBuy'.
src/trading/sor/sorQuoteTrust.ts(2,37): error TS2305: Module '"./sor-types"' has no exported member 'VenueRoutePreviewSellOk'.
src/trading/sor/useSorLegExecutor.ts(1497,47): error TS2339: Property 'postLimitlessVerifyAllowance' does not exist on type '{ getDflowOrder: (params: DflowOrderParams) => Promise<{ transaction?: string | undefined; outAmount?: string | undefined; lastValidBlockHeight?: number | undefined; code?: string | undefined; msg?: string | undefined; }>; ... 6 more ...; getBaseSmartWalletPendingUsdc: () => Promise<...>; }'.
src/trading/sor/useSorLegExecutor.ts(2371,9): error TS2345: Argument of type 'unknown' is not assignable to parameter of type 'string'.
src/trading/sor/useSorLegExecutor.ts(2380,10): error TS2322: Type 'unknown' is not assignable to type 'string'.
src/trading/sor/useSorRoute.ts(16,2): error TS2305: Module '"./sor-types"' has no exported member 'VenueRoutePreview'.
src/trading/sor/useSorRoute.ts(491,25): error TS2339: Property 'venuePreviews' does not exist on type 'RouteResponse'.
src/trading/sor/useSorRoute.ts(519,33): error TS2339: Property 'venuePreviews' does not exist on type 'RouteResponse'.
src/trading/venues/polymarket/PolymarketVenueCard.tsx(68,5): error TS2561: Object literal may only specify known properties, but 'fromChainId' does not exist in type 'LifiQuoteRequestBody'. Did you mean to write 'fromChain'?
src/trading/venues/polymarket/PolymarketVenueCard.tsx(89,27): error TS2345: Argument of type 'LifiQuoteResponse' is not assignable to parameter of type 'LifiQuoteStep[]'.
  Type 'LifiQuoteResponse' is missing the following properties from type 'LifiQuoteStep[]': length, pop, push, concat, and 28 more.
src/trading/venues/polymarket/PolymarketVenueCard.tsx(120,6): error TS2741: Property 'variant' is missing in type '{ children: string; onClick: () => Promise<void>; disabled: boolean; }' but required in type '{ children: ReactNode; variant: ButtonVariant; className?: string | undefined; textAlign?: "center" | "left" | "right" | undefined; disabled?: boolean | undefined; ... 10 more ...; qa?: string | undefined; }'.
src/trading/venues/polymarket/PolymarketVenueCard.tsx(130,6): error TS2741: Property 'variant' is missing in type '{ children: string; onClick: () => Promise<void>; disabled: boolean; }' but required in type '{ children: ReactNode; variant: ButtonVariant; className?: string | undefined; textAlign?: "center" | "left" | "right" | undefined; disabled?: boolean | undefined; ... 10 more ...; qa?: string | undefined; }'.
